// Jest Snapshot v1, https://goo.gl/fbAQLP

exports[`#Starred render closed 1`] = `
<ContextConsumer>
  <Component />
</ContextConsumer>
`;

exports[`#Starred render open 1`] = `
<Toggle>
  [Function]
</Toggle>
`;
